{
  "ok": true,
  "action": "browser_open",
  "window_id": 8825,
  "pid": 68224,
  "delivery": "chrome-devtools",
  "isolated_profile": true,
  "screen_width": 2000,
  "screen_height": 1500,
  "logical_width": 1000,
  "logical_height": 750,
  "path": "/Users/ecoo/project/agent/lessagent/agent/output/computer/2e53337e4b82b32ad36f276595340e62.png",
  "pointer": {
    "fill_alpha": 0,
    "hide_after_seconds": 30,
    "idle_seconds": 30,
    "left_pressed": false,
    "panel_visible": false,
    "panel_window_id": 0,
    "phase": "hidden",
    "transparent_after_seconds": 10,
    "visible": false
  }
}
