Diff in /Users/ecoo/project/agent/lessagent/src/agent.rs:1097:
                         "{artifact_relative}/computer-{computer_index:02}.png"
                     ));
                 }
[31m-                if !matches!(arguments["action"].as_str(), Some("screenshot" | "browser_open"))
(B[m[31m-                    && arguments.get("window_id").is_none()
(B[m[32m+                if !matches!(
(B[m[32m+                    arguments["action"].as_str(),
(B[m[32m+                    Some("screenshot" | "browser_open")
(B[m[32m+                ) && arguments.get("window_id").is_none()
(B[m                     && let Some((width, height)) = light_screen
                 {
                     // A model may omit the dimensions after a screenshot. Keep
Diff in /Users/ecoo/project/agent/lessagent/src/computer.rs:227:
         return Err(err("Unknown or missing computer action"));
     }
     if args["action"] == "browser_open" {
[31m-        let url = args["url"].as_str().and_then(|s| reqwest::Url::parse(s).ok())
(B[m[32m+        let url = args["url"]
(B[m[32m+            .as_str()
(B[m[32m+            .and_then(|s| reqwest::Url::parse(s).ok())
(B[m             .ok_or_else(|| err("browser_open requires an HTTP(S) URL"))?;
[31m-        if !matches!(url.scheme(), "http" | "https") || url.host_str().is_none()
(B[m[31m-            || !url.username().is_empty() || url.password().is_some() {
(B[m[31m-            return Err(err("browser_open requires an HTTP(S) URL without embedded credentials"));
(B[m[32m+        if !matches!(url.scheme(), "http" | "https")
(B[m[32m+            || url.host_str().is_none()
(B[m[32m+            || !url.username().is_empty()
(B[m[32m+            || url.password().is_some()
(B[m[32m+        {
(B[m[32m+            return Err(err(
(B[m[32m+                "browser_open requires an HTTP(S) URL without embedded credentials",
(B[m[32m+            ));
(B[m         }
         for (field, min, max) in [("width", 640, 2560), ("height", 480, 1800)] {
             if let Some(value) = args.get(field)
Diff in /Users/ecoo/project/agent/lessagent/src/computer.rs:238:
[31m-                && value.as_i64().filter(|n| (min..=max).contains(n)).is_none() {
(B[m[31m-                return Err(err(format!("{field} must be an integer between {min} and {max}")));
(B[m[32m+                && value.as_i64().filter(|n| (min..=max).contains(n)).is_none()
(B[m[32m+            {
(B[m[32m+                return Err(err(format!(
(B[m[32m+                    "{field} must be an integer between {min} and {max}"
(B[m[32m+                )));
(B[m             }
         }
[31m-        if ["window_id", "pid", "x", "y", "path", "button", "text", "key"].iter().any(|key| args.get(*key).is_some()) {
(B[m[31m-            return Err(err("browser_open creates a new isolated window; do not supply an existing target or input fields"));
(B[m[32m+        if [
(B[m[32m+            "window_id",
(B[m[32m+            "pid",
(B[m[32m+            "x",
(B[m[32m+            "y",
(B[m[32m+            "path",
(B[m[32m+            "button",
(B[m[32m+            "text",
(B[m[32m+            "key",
(B[m[32m+        ]
(B[m[32m+        .iter()
(B[m[32m+        .any(|key| args.get(*key).is_some())
(B[m[32m+        {
(B[m[32m+            return Err(err(
(B[m[32m+                "browser_open creates a new isolated window; do not supply an existing target or input fields",
(B[m[32m+            ));
(B[m         }
     }
     if let Some(mode) = args.get("mode")
Diff in /Users/ecoo/project/agent/lessagent/src/computer.rs:694:
             json!({"action":"browser_open","url":"https://example.com","height":600.5}),
             json!({"action":"browser_open","url":"https://example.com","width":4000}),
             json!({"action":"browser_open","url":"https://example.com","window_id":4,"pid":5}),
[31m-        ] { assert!(super::validate_common_args(&value).is_err(), "{value}"); }
(B[m[31m-        let value=json!({"action":"browser_open","url":"http://127.0.0.1:4173/","width":1000,"height":750});
(B[m[32m+        ] {
(B[m[32m+            assert!(super::validate_common_args(&value).is_err(), "{value}");
(B[m[32m+        }
(B[m[32m+        let value = json!({"action":"browser_open","url":"http://127.0.0.1:4173/","width":1000,"height":750});
(B[m         assert!(super::validate_common_args(&value).is_ok());
         assert!(super::macos_background_route(&value).unwrap());
         assert!(super::normalize_background_args(&value).is_ok());
